// Jest Snapshot v1, https://goo.gl/fbAQLP

exports[`UndefinedRoute should match the UndefinedRoute Snapshot 1`] = `
<section
  className="undefined-route"
>
  <img
    alt="iconic surprised pikachu face"
    className="surprised-pikachu"
    src="https://i.kym-cdn.com/photos/images/original/001/431/201/40f.png"
  />
  <Link
    to="/"
  >
    <button
      className="return-home"
    >
      Return Home
    </button>
  </Link>
</section>
`;
